API Response Mindmap:
{
  root: 'Gravity',
  branches: [
    {
      title: 'Newtonian Gravity',
      note: "This branch delves into Isaac Newton's groundbreaking work on gravity, specifically his Law of Universal Gravitation. This law, formulated in the late 17th century, posits that every particle in the universe attracts every other particle with a force that is directly proportional to the product of their masses and inversely proportional to the square of the distance between their centers. The mathematical expression F = Gm1m2/r┬▓ is central to understanding how objects like planets orbit stars, how apples fall from trees, and how satellites maintain their trajectories. It successfully explained a vast array of phenomena, from the motion of celestial bodies to the acceleration of falling objects on Earth, laying the foundation for classical mechanics and celestial mechanics for centuries."
    },
    {
      title: 'General Relativity',
      note: "Moving beyond Newton, Albert Einstein's Theory of General Relativity, published in 1915, revolutionized our understanding of gravity. Instead of a force acting between masses, Einstein proposed that gravity is a manifestation of the curvature of spacetime caused by the presence of mass and energy. Massive objects warp the fabric of spacetime around them, and this curvature dictates the path that other objects (and light) will follow. This geometric interpretation of gravity explains phenomena that Newtonian gravity could not, such as the anomalous precession of Mercury's orbit and the bending of light around massive objects, and it forms the theoretical basis for understanding black holes and gravitational waves."
    },
    {
      title: 'Gravitational Field',
      note: "A gravitational field is a region of space surrounding a body with mass, within which another massive body experiences a force of attraction. It's a conceptual tool used to describe the influence of a mass on the space around it, without needing to consider the second mass until it enters the field. The strength of this field, often denoted by 'g', is defined as the force per unit mass at a given point and is measured in Newtons per kilogram (N/kg) or meters per second squared (m/s┬▓). For a spherical body, the field strength decreases with the square of the distance from its center, illustrating the pervasive nature of gravitational influence throughout the cosmos."
    },
    {
      title: 'Weight and Mass',
      note: "While often used interchangeably in everyday language, mass and weight are distinct physical quantities. Mass is an intrinsic property of an object, representing the amount of matter it contains and its resistance to acceleration (inertia). It is a scalar quantity, measured in kilograms (kg), and remains constant regardless of location. Weight, on the other hand, is the force exerted on an object due to gravity. It is a vector quantity, measured in Newtons (N), and varies depending on the strength of the gravitational field the object is in. An astronaut's mass remains the same on Earth and the Moon, but their weight is significantly less on the Moon due to its weaker gravitational pull."
    },
    {
      title: 'Orbital Mechanics',
      note: "Orbital mechanics is the study of the motion of artificial satellites and spacecraft under the influence of gravity. It applies Newton's laws of motion and universal gravitation to predict and control the trajectories of objects in space. Key concepts include orbital velocity, orbital period, and different types of orbits (e.g., low Earth orbit, geostationary orbit, elliptical orbits). Understanding these principles is crucial for launching satellites, planning space missions, and ensuring the safe operation of spacecraft, as even minor gravitational perturbations can significantly alter an object's path over time."
    },
    {
      title: 'Tides',
      note: "Tides are the rise and fall of sea levels caused by the combined gravitational forces of the Moon and the Sun, and the rotation of the Earth. The Moon's gravitational pull is the primary driver, creating bulges of water on both the side of Earth facing the Moon and the side opposite the Moon. This differential gravitational force stretches the Earth and its oceans. The Sun also contributes, leading to stronger 'spring tides' when the Sun, Earth, and Moon are aligned, and weaker 'neap tides' when they are at right angles, demonstrating the complex interplay of celestial mechanics on our planet."
    },
    {
      title: 'Black Holes',
      note: "Black holes are regions of spacetime where gravity is so strong that nothingΓÇönot even light or other electromagnetic wavesΓÇöcan escape from them. They are formed from the remnants of massive stars that collapse under their own gravity at the end of their life cycle. The boundary of no return around a black hole is called the event horizon. Beyond this point, the escape velocity exceeds the speed of light. Black holes are not 'holes' in space but incredibly dense concentrations of mass, and their existence is a profound prediction of Einstein's General Relativity, with observational evidence now confirming their reality."
    },
    {
      title: 'Gravitational Waves',
      note: "Gravitational waves are ripples in the fabric of spacetime caused by some of the most violent and energetic processes in the universe. Predicted by Einstein's General Relativity, these waves are generated by accelerating masses, such as merging black holes, colliding neutron stars, or supernovae. They propagate at the speed of light, carrying energy away from their source. Their detection by observatories like LIGO and Virgo has opened a new window into the universe, allowing scientists to observe cosmic events that are otherwise invisible and providing a powerful new tool for astronomical research."
    },
    {
      title: 'Escape Velocity',
      note: "Escape velocity is the minimum speed an object needs to attain to break free from the gravitational pull of a massive body without any further propulsion. It is dependent on the mass of the celestial body and the distance from its center. For Earth, the escape velocity from the surface is approximately 11.2 kilometers per second. This concept is fundamental to space exploration, as rockets must achieve or exceed this velocity to leave Earth's orbit and travel to other planets or deeper into space, overcoming the persistent downward pull of gravity."
    }
  ]
}
